Copyright 1986-2022 Xilinx, Inc. All Rights Reserved. Copyright 2022-2025 Advanced Micro Devices, Inc. All Rights Reserved.
---------------------------------------------------------------------------------------------------------------------------------------------
| Tool Version : Vivado v.2025.1 (win64) Build 6140274 Thu May 22 00:12:29 MDT 2025
| Date         : Fri Dec 19 01:26:49 2025
| Host         : DESKTOP-2CVGOV3 running 64-bit major release  (build 9200)
| Command      : report_control_sets -verbose -file lab10_control_sets_placed.rpt
| Design       : lab10
| Device       : xc7a35ti
---------------------------------------------------------------------------------------------------------------------------------------------

Control Set Information

Table of Contents
-----------------
1. Summary
2. Histogram
3. Flip-Flop Distribution
4. Detailed Control Set Information

1. Summary
----------

+----------------------------------------------------------+-------+
|                          Status                          | Count |
+----------------------------------------------------------+-------+
| Total control sets                                       |   114 |
|    Minimum number of control sets                        |   114 |
|    Addition due to synthesis replication                 |     0 |
|    Addition due to physical synthesis replication        |     0 |
| Unused register locations in slices containing registers |   266 |
+----------------------------------------------------------+-------+
* Control sets can be merged at opt_design using control_set_merge or merge_equivalent_drivers
** Run report_qor_suggestions for automated merging and remapping suggestions


2. Histogram
------------

+--------------------+-------+
|       Fanout       | Count |
+--------------------+-------+
| Total control sets |   114 |
| >= 0 to < 4        |     3 |
| >= 4 to < 6        |     9 |
| >= 6 to < 8        |     7 |
| >= 8 to < 10       |    47 |
| >= 10 to < 12      |     4 |
| >= 12 to < 14      |    10 |
| >= 14 to < 16      |     1 |
| >= 16              |    33 |
+--------------------+-------+
* Control sets can be remapped at either synth_design or opt_design


3. Flip-Flop Distribution
-------------------------

+--------------+-----------------------+------------------------+-----------------+--------------+
| Clock Enable | Synchronous Set/Reset | Asynchronous Set/Reset | Total Registers | Total Slices |
+--------------+-----------------------+------------------------+-----------------+--------------+
| No           | No                    | No                     |              70 |           46 |
| No           | No                    | Yes                    |             300 |          100 |
| No           | Yes                   | No                     |             126 |           64 |
| Yes          | No                    | No                     |              36 |           13 |
| Yes          | No                    | Yes                    |            1370 |          332 |
| Yes          | Yes                   | No                     |              32 |           17 |
+--------------+-----------------------+------------------------+-----------------+--------------+


4. Detailed Control Set Information
-----------------------------------

+-------------------+----------------------------------------------------------------+-------------------------------------------+------------------+----------------+--------------+
|    Clock Signal   |                          Enable Signal                         |              Set/Reset Signal             | Slice Load Count | Bel Load Count | Bels / Slice |
+-------------------+----------------------------------------------------------------+-------------------------------------------+------------------+----------------+--------------+
|  clk_divider0/CLK |                                                                |                                           |                1 |              1 |         1.00 |
|  clk_IBUF_BUFG    |                                                                | main_state_machine/reset                  |                2 |              2 |         1.00 |
|  clk_divider0/CLK |                                                                | price_disp0/bcd_gen[8].b2b/AR[0]          |                2 |              2 |         1.00 |
|  clk_IBUF_BUFG    | cart_list_render0/list_items[4][3]_i_1_n_0                     | price_disp0/bcd_gen[8].b2b/AR[0]          |                1 |              4 |         4.00 |
|  clk_IBUF_BUFG    | cart_list_render0/list_items[3][3]_i_1_n_0                     | price_disp0/bcd_gen[8].b2b/AR[0]          |                1 |              4 |         4.00 |
|  clk_IBUF_BUFG    | cart_list_render0/list_items[1][3]_i_1_n_0                     | price_disp0/bcd_gen[8].b2b/AR[0]          |                1 |              4 |         4.00 |
|  clk_IBUF_BUFG    | fsm0/selection_index[3]_i_1_n_0                                | main_state_machine/reset                  |                2 |              4 |         2.00 |
|  clk_IBUF_BUFG    | cart_list_render0/list_items[0][3]_i_1_n_0                     | price_disp0/bcd_gen[8].b2b/AR[0]          |                1 |              4 |         4.00 |
|  clk_IBUF_BUFG    | cart_list_render0/list_items[5][3]_i_1_n_0                     | price_disp0/bcd_gen[8].b2b/AR[0]          |                1 |              4 |         4.00 |
|  clk_IBUF_BUFG    | anim_manager0/item_ptr                                         | price_disp0/bcd_gen[8].b2b/AR[0]          |                1 |              4 |         4.00 |
|  clk_IBUF_BUFG    | cart_list_render0/list_items[2][3]_i_1_n_0                     | price_disp0/bcd_gen[8].b2b/AR[0]          |                1 |              4 |         4.00 |
|  clk_IBUF_BUFG    | anim_manager0/current_item_index[3]_i_1_n_0                    | price_disp0/bcd_gen[8].b2b/AR[0]          |                1 |              4 |         4.00 |
|  clk_IBUF_BUFG    |                                                                | green_bg_addr[6]_i_1_n_0                  |                2 |              7 |         3.50 |
|  clk_IBUF_BUFG    | price_disp0/bcd_gen[5].b2b/FSM_onehot_state_reg_n_0_[2]        | price_disp0/bcd_gen[8].b2b/AR[0]          |                2 |              7 |         3.50 |
|  clk_IBUF_BUFG    | price_disp0/bcd_gen[6].b2b/FSM_onehot_state_reg_n_0_[2]        | price_disp0/bcd_gen[8].b2b/AR[0]          |                2 |              7 |         3.50 |
|  clk_IBUF_BUFG    |                                                                | fsm0/SR[0]                                |                2 |              7 |         3.50 |
|  clk_IBUF_BUFG    | price_disp0/bcd_gen[1].b2b/FSM_onehot_state_reg_n_0_[2]        | price_disp0/bcd_gen[8].b2b/AR[0]          |                1 |              7 |         7.00 |
|  clk_IBUF_BUFG    | price_disp0/bcd_gen[7].b2b/FSM_onehot_state_reg_n_0_[2]        | price_disp0/bcd_gen[8].b2b/AR[0]          |                2 |              7 |         3.50 |
|  clk_IBUF_BUFG    | price_disp0/bcd_gen[2].b2b/FSM_onehot_state_reg_n_0_[2]        | price_disp0/bcd_gen[8].b2b/AR[0]          |                2 |              7 |         3.50 |
|  clk_IBUF_BUFG    | change_disp0/count_5                                           | price_disp0/bcd_gen[8].b2b/AR[0]          |                2 |              8 |         4.00 |
|  clk_IBUF_BUFG    | cart_list_render0/list_counts[4][7]_i_1_n_0                    | price_disp0/bcd_gen[8].b2b/AR[0]          |                3 |              8 |         2.67 |
|  clk_IBUF_BUFG    |                                                                | clk_divider0/counter[7]_i_1__3_n_0        |                2 |              8 |         4.00 |
|  clk_IBUF_BUFG    | cart_list_render0/list_counts[1][7]_i_1_n_0                    | price_disp0/bcd_gen[8].b2b/AR[0]          |                4 |              8 |         2.00 |
|  clk_IBUF_BUFG    | cart_list_render0/list_counts[3][7]_i_1_n_0                    | price_disp0/bcd_gen[8].b2b/AR[0]          |                4 |              8 |         2.00 |
|  clk_IBUF_BUFG    | cart_list_render0/list_counts[2][7]_i_1_n_0                    | price_disp0/bcd_gen[8].b2b/AR[0]          |                2 |              8 |         4.00 |
|  clk_IBUF_BUFG    | cart_list_render0/list_counts[5][7]_i_1_n_0                    | price_disp0/bcd_gen[8].b2b/AR[0]          |                5 |              8 |         1.60 |
|  clk_IBUF_BUFG    | cart_list_render0/list_counts[0][7]_i_1_n_0                    | price_disp0/bcd_gen[8].b2b/AR[0]          |                3 |              8 |         2.67 |
|  clk_IBUF_BUFG    | coin_count_disp0/bcd_coin1/old_binary_0                        | price_disp0/bcd_gen[8].b2b/AR[0]          |                3 |              8 |         2.67 |
|  clk_IBUF_BUFG    | coin_count_disp0/bcd_coin1/FSM_onehot_state_reg_n_0_[2]        | price_disp0/bcd_gen[8].b2b/AR[0]          |                2 |              8 |         4.00 |
|  clk_IBUF_BUFG    | price_disp0/bcd_gen[3].b2b/FSM_onehot_state_reg_n_0_[2]        | price_disp0/bcd_gen[8].b2b/AR[0]          |                1 |              8 |         8.00 |
|  clk_IBUF_BUFG    | disp_change_disp0/bcd5/old_binary                              | price_disp0/bcd_gen[8].b2b/AR[0]          |                3 |              8 |         2.67 |
|  clk_IBUF_BUFG    | price_disp0/bcd_gen[0].b2b/FSM_onehot_state_reg_n_0_[2]        | price_disp0/bcd_gen[8].b2b/AR[0]          |                2 |              8 |         4.00 |
|  clk_IBUF_BUFG    | avail_disp0/bcd5/FSM_onehot_state_reg_n_0_[2]                  | price_disp0/bcd_gen[8].b2b/AR[0]          |                3 |              8 |         2.67 |
|  clk_IBUF_BUFG    | avail_disp0/bcd5/old_binary                                    | price_disp0/bcd_gen[8].b2b/AR[0]          |                3 |              8 |         2.67 |
|  clk_IBUF_BUFG    | avail_disp0/bcd1/old_binary_0                                  | price_disp0/bcd_gen[8].b2b/AR[0]          |                3 |              8 |         2.67 |
|  clk_IBUF_BUFG    | avail_disp0/bcd1/FSM_onehot_state_reg_n_0_[2]                  | price_disp0/bcd_gen[8].b2b/AR[0]          |                2 |              8 |         4.00 |
|  clk_IBUF_BUFG    | avail_disp0/bcd10/FSM_onehot_state_reg_n_0_[2]                 | price_disp0/bcd_gen[8].b2b/AR[0]          |                2 |              8 |         4.00 |
|  clk_IBUF_BUFG    | coin_count_disp0/bcd_coin10/FSM_onehot_state_reg_n_0_[2]       | price_disp0/bcd_gen[8].b2b/AR[0]          |                3 |              8 |         2.67 |
|  clk_IBUF_BUFG    | avail_disp0/bcd100/old_binary                                  | price_disp0/bcd_gen[8].b2b/AR[0]          |                3 |              8 |         2.67 |
|  clk_IBUF_BUFG    | coin_count_disp0/bcd_coin10/old_binary                         | price_disp0/bcd_gen[8].b2b/AR[0]          |                2 |              8 |         4.00 |
|  clk_IBUF_BUFG    | coin_count_disp0/bcd_coin100/FSM_onehot_state_reg_n_0_[2]      | price_disp0/bcd_gen[8].b2b/AR[0]          |                2 |              8 |         4.00 |
|  clk_IBUF_BUFG    | coin_count_disp0/bcd_coin100/old_binary                        | price_disp0/bcd_gen[8].b2b/AR[0]          |                3 |              8 |         2.67 |
|  clk_IBUF_BUFG    | avail_disp0/bcd100/FSM_onehot_state_reg_n_0_[2]                | price_disp0/bcd_gen[8].b2b/AR[0]          |                1 |              8 |         8.00 |
|  clk_IBUF_BUFG    | disp_change_disp0/bcd5/FSM_onehot_state_reg_n_0_[2]            | price_disp0/bcd_gen[8].b2b/AR[0]          |                3 |              8 |         2.67 |
|  clk_IBUF_BUFG    | coin_count_disp0/bcd_coin5/old_binary                          | price_disp0/bcd_gen[8].b2b/AR[0]          |                3 |              8 |         2.67 |
|  clk_IBUF_BUFG    | coin_count_disp0/bcd_coin5/FSM_onehot_state_reg_n_0_[2]        | price_disp0/bcd_gen[8].b2b/AR[0]          |                1 |              8 |         8.00 |
|  clk_IBUF_BUFG    | avail_disp0/bcd10/old_binary                                   | price_disp0/bcd_gen[8].b2b/AR[0]          |                2 |              8 |         4.00 |
|  clk_IBUF_BUFG    | disp_change_disp0/bcd1/old_binary_0                            | price_disp0/bcd_gen[8].b2b/AR[0]          |                2 |              8 |         4.00 |
|  clk_IBUF_BUFG    | disp_change_disp0/bcd10/old_binary                             | price_disp0/bcd_gen[8].b2b/AR[0]          |                3 |              8 |         2.67 |
|  clk_IBUF_BUFG    | disp_change_disp0/bcd10/FSM_onehot_state_reg_n_0_[2]           | price_disp0/bcd_gen[8].b2b/AR[0]          |                2 |              8 |         4.00 |
|  clk_IBUF_BUFG    | price_disp0/bcd_gen[8].b2b/FSM_onehot_state_reg_n_0_[2]        | price_disp0/bcd_gen[8].b2b/AR[0]          |                3 |              8 |         2.67 |
|  clk_IBUF_BUFG    | disp_change_disp0/bcd100/FSM_onehot_state_reg_n_0_[2]          | price_disp0/bcd_gen[8].b2b/AR[0]          |                1 |              8 |         8.00 |
|  clk_IBUF_BUFG    | disp_change_disp0/bcd100/old_binary                            | price_disp0/bcd_gen[8].b2b/AR[0]          |                2 |              8 |         4.00 |
|  clk_IBUF_BUFG    | disp_change_disp0/bcd1/FSM_onehot_state_reg_n_0_[2]            | price_disp0/bcd_gen[8].b2b/AR[0]          |                1 |              8 |         8.00 |
|  clk_IBUF_BUFG    | main_state_machine/coin_index_reg[0][0]                        | price_disp0/bcd_gen[8].b2b/AR[0]          |                2 |              8 |         4.00 |
|  clk_IBUF_BUFG    | main_state_machine/coin_index_reg[0]_0[0]                      | price_disp0/bcd_gen[8].b2b/AR[0]          |                2 |              8 |         4.00 |
|  clk_IBUF_BUFG    | main_state_machine/coin_index_reg[1][0]                        | price_disp0/bcd_gen[8].b2b/AR[0]          |                2 |              8 |         4.00 |
|  clk_IBUF_BUFG    | change_disp0/count_10                                          | price_disp0/bcd_gen[8].b2b/AR[0]          |                2 |              8 |         4.00 |
|  clk_IBUF_BUFG    | change_disp0/count_100                                         | price_disp0/bcd_gen[8].b2b/AR[0]          |                2 |              8 |         4.00 |
|  clk_IBUF_BUFG    | change_disp0/count_1[7]_i_1_n_0                                | price_disp0/bcd_gen[8].b2b/AR[0]          |                2 |              8 |         4.00 |
|  clk_IBUF_BUFG    | price_disp0/bcd_gen[4].b2b/FSM_onehot_state_reg_n_0_[2]        | price_disp0/bcd_gen[8].b2b/AR[0]          |                1 |              8 |         8.00 |
|  clk_IBUF_BUFG    | main_state_machine/E[0]                                        | price_disp0/bcd_gen[8].b2b/AR[0]          |                1 |              8 |         8.00 |
|  clk_IBUF_BUFG    | anim_manager0/anim_x[9]_i_1_n_0                                | price_disp0/bcd_gen[8].b2b/AR[0]          |                5 |              9 |         1.80 |
|  clk_IBUF_BUFG    |                                                                | coin_addr[8]_i_1__1_n_0                   |                3 |              9 |         3.00 |
|  clk_IBUF_BUFG    |                                                                | avail_disp0/coin_addr[8]_i_1_n_0          |                6 |              9 |         1.50 |
|  clk_IBUF_BUFG    |                                                                | disp_change_disp0/coin_addr[8]_i_1__0_n_0 |                3 |              9 |         3.00 |
|  clk_divider0/CLK | vs0/v_count_reg[9]_i_2_n_0                                     | vs0/v_count_reg[9]_i_1_n_0                |                4 |             10 |         2.50 |
|  clk_IBUF_BUFG    | text_render0/bcd_converter/old_binary_0                        | price_disp0/bcd_gen[8].b2b/AR[0]          |                4 |             10 |         2.50 |
|  clk_IBUF_BUFG    | anim_manager0/anim_y[9]_i_1_n_0                                | price_disp0/bcd_gen[8].b2b/AR[0]          |                4 |             10 |         2.50 |
|  clk_divider0/CLK | vs0/pixel_tick                                                 | vs0/h_count_reg[9]_i_1_n_0                |                4 |             10 |         2.50 |
|  clk_IBUF_BUFG    |                                                                | pixel_addr[11]_i_1_n_0                    |                4 |             12 |         3.00 |
|  clk_IBUF_BUFG    | price_disp0/bcd_gen[7].b2b/loop_count[4]_i_1__22_n_0           | price_disp0/bcd_gen[8].b2b/AR[0]          |                2 |             12 |         6.00 |
|  clk_IBUF_BUFG    | price_disp0/bcd_gen[5].b2b/loop_count[4]_i_1__20_n_0           | price_disp0/bcd_gen[8].b2b/AR[0]          |                2 |             12 |         6.00 |
|  clk_IBUF_BUFG    | text_render0/bcd_converter/FSM_onehot_state_reg_n_0_[2]        | price_disp0/bcd_gen[8].b2b/AR[0]          |                3 |             12 |         4.00 |
|  clk_IBUF_BUFG    | vs0/pixel_tick                                                 | vs0/SR[0]                                 |                9 |             12 |         1.33 |
|  clk_IBUF_BUFG    | paid_text_render0/bcd_converter/FSM_onehot_state_reg_n_0_[2]   | price_disp0/bcd_gen[8].b2b/AR[0]          |                4 |             12 |         3.00 |
|  clk_IBUF_BUFG    | price_disp0/bcd_gen[6].b2b/loop_count[4]_i_1__21_n_0           | price_disp0/bcd_gen[8].b2b/AR[0]          |                2 |             12 |         6.00 |
|  clk_IBUF_BUFG    | price_disp0/bcd_gen[1].b2b/loop_count[4]_i_1__18_n_0           | price_disp0/bcd_gen[8].b2b/AR[0]          |                2 |             12 |         6.00 |
|  clk_IBUF_BUFG    | price_disp0/bcd_gen[2].b2b/loop_count[4]_i_1__19_n_0           | price_disp0/bcd_gen[8].b2b/AR[0]          |                2 |             12 |         6.00 |
|  clk_IBUF_BUFG    | change_text_render0/bcd_converter/FSM_onehot_state_reg_n_0_[2] | price_disp0/bcd_gen[8].b2b/AR[0]          |                3 |             12 |         4.00 |
|  clk_IBUF_BUFG    | on_background_reg10                                            |                                           |                6 |             14 |         2.33 |
|  clk_IBUF_BUFG    | change_text_render0/bcd_converter/old_binary_0                 | price_disp0/bcd_gen[8].b2b/AR[0]          |                4 |             16 |         4.00 |
|  clk_IBUF_BUFG    | paid_text_render0/bcd_converter/old_binary_0                   | price_disp0/bcd_gen[8].b2b/AR[0]          |                5 |             16 |         3.20 |
|  clk_IBUF_BUFG    | change_disp0/remaining                                         | price_disp0/bcd_gen[8].b2b/AR[0]          |                6 |             16 |         2.67 |
|  clk_IBUF_BUFG    | on_background_reg1                                             |                                           |                7 |             22 |         3.14 |
|  clk_IBUF_BUFG    | price_disp0/bcd_gen[3].b2b/loop_count[4]_i_1__15_n_0           | price_disp0/bcd_gen[8].b2b/AR[0]          |                5 |             26 |         5.20 |
|  clk_IBUF_BUFG    | price_disp0/bcd_gen[4].b2b/loop_count[4]_i_1__16_n_0           | price_disp0/bcd_gen[8].b2b/AR[0]          |                4 |             27 |         6.75 |
|  clk_IBUF_BUFG    | anim_manager0/latched_cart_flat                                | price_disp0/bcd_gen[8].b2b/AR[0]          |                5 |             27 |         5.40 |
|  clk_IBUF_BUFG    | change_disp0/success_reg_0[0]                                  | price_disp0/bcd_gen[8].b2b/AR[0]          |               18 |             27 |         1.50 |
|  clk_IBUF_BUFG    | anim_manager0/frame_timer                                      | price_disp0/bcd_gen[8].b2b/AR[0]          |               11 |             27 |         2.45 |
|  clk_IBUF_BUFG    | price_disp0/bcd_gen[0].b2b/loop_count[4]_i_1__14_n_0           | price_disp0/bcd_gen[8].b2b/AR[0]          |                4 |             28 |         7.00 |
|  clk_IBUF_BUFG    | deb1/cancel_counter_reg_15_sn_1                                | price_disp0/bcd_gen[8].b2b/AR[0]          |                7 |             28 |         4.00 |
|  clk_IBUF_BUFG    | change_disp0/refund_msg_timer                                  | price_disp0/bcd_gen[8].b2b/AR[0]          |                7 |             28 |         4.00 |
|  clk_IBUF_BUFG    | avail_disp0/bcd5/loop_count[4]_i_1__3_n_0                      | price_disp0/bcd_gen[8].b2b/AR[0]          |                5 |             29 |         5.80 |
|  clk_IBUF_BUFG    | disp_change_disp0/bcd5/loop_count[4]_i_1__12_n_0               | price_disp0/bcd_gen[8].b2b/AR[0]          |                4 |             29 |         7.25 |
|  clk_IBUF_BUFG    | disp_change_disp0/bcd100/loop_count[4]_i_1__10_n_0             | price_disp0/bcd_gen[8].b2b/AR[0]          |                5 |             29 |         5.80 |
|  clk_IBUF_BUFG    | price_disp0/bcd_gen[8].b2b/loop_count[4]_i_1__17_n_0           | price_disp0/bcd_gen[8].b2b/AR[0]          |                5 |             29 |         5.80 |
|  clk_IBUF_BUFG    | disp_change_disp0/bcd10/loop_count[4]_i_1__13_n_0              | price_disp0/bcd_gen[8].b2b/AR[0]          |                4 |             29 |         7.25 |
|  clk_IBUF_BUFG    | coin_count_disp0/bcd_coin5/loop_count[4]_i_1__7_n_0            | price_disp0/bcd_gen[8].b2b/AR[0]          |                4 |             29 |         7.25 |
|  clk_IBUF_BUFG    | avail_disp0/bcd10/loop_count[4]_i_1__4_n_0                     | price_disp0/bcd_gen[8].b2b/AR[0]          |                5 |             29 |         5.80 |
|  clk_IBUF_BUFG    | disp_change_disp0/bcd1/loop_count[4]_i_1__11_n_0               | price_disp0/bcd_gen[8].b2b/AR[0]          |                5 |             29 |         5.80 |
|  clk_IBUF_BUFG    | avail_disp0/bcd1/loop_count[4]_i_1__2_n_0                      | price_disp0/bcd_gen[8].b2b/AR[0]          |                5 |             29 |         5.80 |
|  clk_IBUF_BUFG    | coin_count_disp0/bcd_coin1/loop_count[4]_i_1__6_n_0            | price_disp0/bcd_gen[8].b2b/AR[0]          |                7 |             29 |         4.14 |
|  clk_IBUF_BUFG    | coin_count_disp0/bcd_coin100/loop_count[4]_i_1__9_n_0          | price_disp0/bcd_gen[8].b2b/AR[0]          |                6 |             29 |         4.83 |
|  clk_IBUF_BUFG    | coin_count_disp0/bcd_coin10/loop_count[4]_i_1__8_n_0           | price_disp0/bcd_gen[8].b2b/AR[0]          |                6 |             29 |         4.83 |
|  clk_IBUF_BUFG    | avail_disp0/bcd100/loop_count[4]_i_1__5_n_0                    | price_disp0/bcd_gen[8].b2b/AR[0]          |                5 |             29 |         5.80 |
|  clk_IBUF_BUFG    | change_disp0/dispense_coin1[7]_i_1_n_0                         | price_disp0/bcd_gen[8].b2b/AR[0]          |                5 |             32 |         6.40 |
|  clk_IBUF_BUFG    | change_disp0/E[0]                                              | price_disp0/bcd_gen[8].b2b/AR[0]          |                7 |             32 |         4.57 |
|  clk_IBUF_BUFG    | change_disp0/done_reg_0[0]                                     | price_disp0/bcd_gen[8].b2b/AR[0]          |                8 |             32 |         4.00 |
|  clk_IBUF_BUFG    | paid_text_render0/bcd_converter/loop_count[4]_i_1__0_n_0       | price_disp0/bcd_gen[8].b2b/AR[0]          |                7 |             33 |         4.71 |
|  clk_IBUF_BUFG    | change_text_render0/bcd_converter/loop_count[4]_i_1__1_n_0     | price_disp0/bcd_gen[8].b2b/AR[0]          |                7 |             33 |         4.71 |
|  clk_IBUF_BUFG    | text_render0/bcd_converter/loop_count[4]_i_1_n_0               | price_disp0/bcd_gen[8].b2b/AR[0]          |                6 |             33 |         5.50 |
|  clk_IBUF_BUFG    |                                                                |                                           |               45 |             69 |         1.53 |
|  clk_IBUF_BUFG    |                                                                | price_disp0/bcd_gen[8].b2b/AR[0]          |              138 |            361 |         2.62 |
+-------------------+----------------------------------------------------------------+-------------------------------------------+------------------+----------------+--------------+


