#-----------------------------------------------------------
# Vivado v2025.1 (64-bit)
# SW Build 6140274 on Thu May 22 00:12:29 MDT 2025
# IP Build 6138677 on Thu May 22 03:10:11 MDT 2025
# SharedData Build 6139179 on Tue May 20 17:58:58 MDT 2025
# Start of session at: Thu Dec 18 11:54:41 2025
# Process ID         : 5556
# Current directory  : C:/Users/ThisPC/VivadoProjects/VendingMachine/lab10/lab10.runs/synth_1
# Command line       : vivado.exe -log lab10.vds -product Vivado -mode batch -messageDb vivado.pb -notrace -source lab10.tcl
# Log file           : C:/Users/ThisPC/VivadoProjects/VendingMachine/lab10/lab10.runs/synth_1/lab10.vds
# Journal file       : C:/Users/ThisPC/VivadoProjects/VendingMachine/lab10/lab10.runs/synth_1\vivado.jou
# Running On         : MSI
# Platform           : Windows Server 2016 or Windows 10
# Operating System   : 26100
# Processor Detail   : Intel(R) Core(TM) i7-14700HX
# CPU Frequency      : 2304 MHz
# CPU Physical cores : 20
# CPU Logical cores  : 28
# Host memory        : 34048 MB
# Swap memory        : 66571 MB
# Total Virtual      : 100620 MB
# Available Virtual  : 5489 MB
#-----------------------------------------------------------
source lab10.tcl -notrace
