#-----------------------------------------------------------
# Vivado v2025.1 (64-bit)
# SW Build 6140274 on Thu May 22 00:12:29 MDT 2025
# IP Build 6138677 on Thu May 22 03:10:11 MDT 2025
# SharedData Build 6139179 on Tue May 20 17:58:58 MDT 2025
# Start of session at: Thu Nov 27 21:50:57 2025
# Process ID         : 30764
# Current directory  : D:/vivado/VendingMachine/lab10/lab10.runs/synth_1
# Command line       : vivado.exe -log lab10.vds -product Vivado -mode batch -messageDb vivado.pb -notrace -source lab10.tcl
# Log file           : D:/vivado/VendingMachine/lab10/lab10.runs/synth_1/lab10.vds
# Journal file       : D:/vivado/VendingMachine/lab10/lab10.runs/synth_1\vivado.jou
# Running On         : LAPTOP-SNCUKG72
# Platform           : Windows Server 2016 or Windows 10
# Operating System   : 26100
# Processor Detail   : 11th Gen Intel(R) Core(TM) i7-11370H @ 3.30GHz
# CPU Frequency      : 3302 MHz
# CPU Physical cores : 4
# CPU Logical cores  : 8
# Host memory        : 25441 MB
# Swap memory        : 13958 MB
# Total Virtual      : 39400 MB
# Available Virtual  : 11773 MB
#-----------------------------------------------------------
source lab10.tcl -notrace
